// Jest Snapshot v1, https://goo.gl/fbAQLP

exports[`ParameterCivilityComponent should be created 1`] = `
<app-list-parameters
  canViewCivility$={[Function Store]}
  canViewProductCategory$={[Function Store]}
  store={[Function MockStore]}
>
  <app-page-inner>
    <div
      class="px-3 py-3 "
    >
      <div
        class="page-section"
      >
        <div
          class="row"
        >
          
          <div
            class="col-md-6"
          >
            <app-referenced-table-menu>
              <div
                class="card"
              >
                <div
                  class="card-header"
                  translate=""
                >
                   REFERENCED_TABLE 
                </div>
                <ul
                  class="list-group list-group-flush"
                >
                  
                  
                </ul>
              </div>
            </app-referenced-table-menu>
          </div>
        </div>
      </div>
    </div>
  </app-page-inner>
</app-list-parameters>
`;
