// Jest Snapshot v1, https://goo.gl/fbAQLP

exports[`UpdateProductModalComponent should be created 1`] = `
<app-product-update-modal
  bsModalRef={[Function BsModalRef]}
  categories$={[Function Observable]}
  facade={[Function Object]}
  loadingCategories$="undefined"
  productCategoryFacade={[Function Object]}
  selectedProduct$={[Function Observable]}
  subscription={[Function Subscriber]}
  updated$={[Function Observable]}
  updating$="undefined"
>
  <app-modal-wrapper
    ng-reflect-title="EDIT_PRODUCT_TITLE"
  >
    <div
      class="modal-content bg-light"
    >
      
      <div
        class="modal-header"
      >
        <h4
          class="modal-title"
        >
          EDIT_PRODUCT_TITLE
        </h4>
      </div>
      <div
        class="modal-body p-0"
      >
        
      </div>
    </div>
  </app-modal-wrapper>
</app-product-update-modal>
`;
